Archive:  SACLA/2025_05.xlsm
    testing: [Content_Types].xml      OK
    testing: _rels/.rels              OK
    testing: xl/workbook.xml          OK
    testing: xl/_rels/workbook.xml.rels   OK
    testing: xl/worksheets/sheet4.xml   OK
    testing: xl/worksheets/sheet5.xml   OK
    testing: xl/worksheets/sheet6.xml   OK
    testing: xl/worksheets/sheet7.xml   OK
    testing: xl/worksheets/sheet8.xml   OK
    testing: xl/worksheets/sheet9.xml   OK
    testing: xl/worksheets/sheet10.xml   OK
    testing: xl/theme/theme1.xml      OK
    testing: xl/styles.xml            OK
    testing: xl/sharedStrings.xml     OK
    testing: xl/drawings/drawing1.xml   OK
    testing: xl/media/image1.jpeg     OK
    testing: xl/media/image2.jpeg     OK
    testing: xl/media/image3.png      OK
    testing: xl/media/image4.png      OK
    testing: xl/media/image5.png      OK
    testing: xl/media/image6.png      OK
    testing: xl/media/image7.png      OK
    testing: xl/media/image8.png      OK
    testing: xl/media/image9.png      OK
    testing: xl/media/image10.png     OK
    testing: xl/media/image11.png     OK
    testing: xl/media/image12.png     OK
    testing: xl/media/image13.png     OK
    testing: xl/media/image14.svg     OK
    testing: xl/media/image15.png     OK
    testing: xl/media/image16.png     OK
    testing: xl/media/image17.png     OK
    testing: xl/media/image18.png     OK
    testing: xl/media/image19.png     OK
    testing: xl/media/image20.png     OK
    testing: xl/media/image21.png     OK
    testing: xl/media/image22.png     OK
    testing: xl/media/image23.png     OK
    testing: xl/media/image24.png     OK
    testing: xl/media/image25.png     OK
    testing: xl/media/image26.png     OK
    testing: xl/media/image27.png     OK
    testing: xl/media/image28.png     OK
    testing: xl/media/image29.png     OK
    testing: xl/media/image30.png     OK
    testing: xl/media/image31.png     OK
    testing: xl/media/image32.png     OK
    testing: xl/media/image33.png     OK
    testing: xl/media/image34.png     OK
    testing: xl/media/image35.png     OK
    testing: xl/media/image36.png     OK
    testing: xl/media/image37.png     OK
    testing: xl/media/image38.png     OK
    testing: xl/media/image39.png     OK
    testing: xl/media/image40.png     OK
    testing: xl/media/image41.png     OK
    testing: xl/media/image42.png     OK
    testing: xl/media/image43.png     OK
    testing: xl/media/image44.png     OK
    testing: xl/media/image45.gif     OK
    testing: xl/media/image46.png     OK
    testing: xl/media/image47.png     OK
    testing: xl/media/image48.gif     OK
    testing: xl/media/image49.png     OK
    testing: xl/media/image50.gif     OK
    testing: xl/media/image51.png     OK
    testing: xl/media/image52.png     OK
    testing: xl/media/image53.png     OK
    testing: xl/media/image54.png     OK
    testing: xl/media/image55.png     OK
    testing: xl/media/image56.png     OK
    testing: xl/media/image57.png     OK
    testing: xl/media/image58.png     OK
    testing: xl/media/image59.png     OK
    testing: xl/media/image60.png     OK
    testing: xl/media/image61.png     OK
    testing: xl/media/image62.png     OK
    testing: xl/media/image63.png     OK
    testing: xl/media/image64.png     OK
    testing: xl/media/image65.png     OK
    testing: xl/media/image66.png     OK
    testing: xl/media/image67.jpeg    OK
    testing: xl/media/image68.jpeg    OK
    testing: xl/media/image69.png     OK
    testing: xl/media/image70.png     OK
    testing: xl/media/image71.png     OK
    testing: xl/media/image72.png     OK
    testing: xl/media/image73.png     OK
    testing: xl/media/image74.png     OK
    testing: xl/media/image75.png     OK
    testing: xl/media/image76.png     OK
    testing: xl/media/image77.png     OK
    testing: xl/media/image78.png     OK
    testing: xl/media/image79.png     OK
    testing: xl/media/image80.png     OK
    testing: xl/media/image81.png     OK
    testing: xl/media/image82.png     OK
    testing: xl/media/image83.png     OK
    testing: xl/media/image84.gif     OK
    testing: xl/media/image85.png     OK
    testing: xl/media/image86.png     OK
    testing: xl/media/image87.png     OK
    testing: xl/media/image88.png     OK
    testing: xl/media/image89.png     OK
    testing: xl/media/image90.png     OK
    testing: xl/media/image91.png     OK
    testing: xl/media/image92.png     OK
    testing: xl/media/image93.png     OK
    testing: xl/media/image94.png     OK
    testing: xl/media/image95.png     OK
    testing: xl/media/image96.png     OK
    testing: xl/media/image97.png     OK
    testing: xl/media/image98.gif     OK
    testing: xl/media/image99.png     OK
    testing: xl/media/image100.png    OK
    testing: xl/media/image101.png    OK
    testing: xl/media/image102.png    OK
    testing: xl/media/image103.png    OK
    testing: xl/media/image104.gif    OK
    testing: xl/media/image105.png    OK
    testing: xl/media/image106.png    OK
    testing: xl/media/image107.png    OK
    testing: xl/media/image108.png    OK
    testing: xl/media/image109.png    OK
    testing: xl/media/image110.png    OK
    testing: xl/media/image111.png    OK
    testing: xl/media/image112.png    OK
    testing: xl/media/image113.gif    OK
    testing: xl/media/image114.png    OK
    testing: xl/media/image115.png    OK
    testing: xl/media/image116.png    OK
    testing: xl/media/image117.png    OK
    testing: xl/media/image118.png    OK
    testing: xl/media/image119.png    OK
    testing: xl/charts/chart1.xml     OK
    testing: xl/media/image120.png    OK
    testing: xl/media/image121.gif    OK
    testing: xl/media/image122.png    OK
    testing: xl/media/image123.gif    OK
    testing: xl/media/image124.png    OK
    testing: xl/media/image125.png    OK
    testing: xl/media/image126.png    OK
    testing: xl/media/image127.png    OK
    testing: xl/media/image128.png    OK
    testing: xl/media/image129.gif    OK
    testing: xl/media/image130.png    OK
    testing: xl/media/image131.png    OK
    testing: xl/media/image132.png    OK
    testing: xl/media/image133.png    OK
    testing: xl/media/image134.png    OK
    testing: xl/media/image135.png    OK
    testing: xl/media/image136.png    OK
    testing: xl/media/image137.png    OK
    testing: xl/media/image138.png    OK
    testing: xl/media/image139.png    OK
    testing: xl/media/image140.png    OK
    testing: xl/media/image141.png    OK
    testing: xl/media/image142.png    OK
    testing: xl/media/image143.png    OK
    testing: xl/media/image144.png    OK
    testing: xl/media/image145.png    OK
    testing: xl/media/image146.png    OK
    testing: xl/media/image147.png    OK
    testing: xl/media/image148.png    OK
    testing: xl/media/image149.png    OK
    testing: xl/media/image150.png    OK
    testing: xl/media/image151.png    OK
    testing: xl/media/image152.png    OK
    testing: xl/media/image153.png    OK
    testing: xl/media/image154.png    OK
    testing: xl/media/image155.png    OK
    testing: xl/media/image156.png    OK
    testing: xl/media/image157.png    OK
    testing: xl/media/image158.png    OK
    testing: xl/media/image159.png    OK
    testing: xl/media/image160.png    OK
    testing: xl/media/image161.png    OK
    testing: xl/media/image162.png    OK
    testing: xl/media/image163.png    OK
    testing: xl/media/image164.png    OK
    testing: xl/media/image165.gif    OK
    testing: xl/media/image166.png    OK
    testing: xl/media/image167.png    OK
    testing: xl/media/image168.gif    OK
    testing: xl/media/image169.png    OK
    testing: xl/media/image170.png    OK
    testing: xl/media/image171.png    OK
    testing: xl/media/image172.png    OK
    testing: xl/media/image173.png    OK
    testing: xl/media/image174.png    OK
    testing: xl/media/image175.png    OK
    testing: xl/media/image176.gif    OK
    testing: xl/media/image177.gif    OK
    testing: xl/media/image178.png    OK
    testing: xl/media/image179.png    OK
    testing: xl/media/image180.png    OK
    testing: xl/media/image181.png    OK
    testing: xl/media/image182.png    OK
    testing: xl/media/image183.png    OK
    testing: xl/media/image184.png    OK
    testing: xl/media/image185.png    OK
    testing: xl/media/image186.png    OK
    testing: xl/media/image187.gif    OK
    testing: xl/media/image188.png    OK
    testing: xl/media/image189.png    OK
    testing: xl/media/image190.png    OK
    testing: xl/media/image191.png    OK
    testing: xl/media/image192.png    OK
    testing: xl/media/image193.png    OK
    testing: xl/media/image194.gif    OK
    testing: xl/media/image195.png    OK
    testing: xl/media/image196.png    OK
    testing: xl/media/image197.png    OK
    testing: xl/media/image198.png    OK
    testing: xl/media/image199.png    OK
    testing: xl/media/image200.png    OK
    testing: xl/media/image201.png    OK
    testing: xl/media/image202.png    OK
    testing: xl/media/image203.gif    OK
    testing: xl/media/image204.png    OK
    testing: xl/media/image205.png    OK
    testing: xl/media/image206.gif    OK
    testing: xl/media/image207.png    OK
    testing: xl/media/image208.png    OK
    testing: xl/media/image209.gif    OK
    testing: xl/media/image210.png    OK
    testing: xl/media/image211.gif    OK
    testing: xl/media/image212.png    OK
    testing: xl/media/image213.png    OK
    testing: xl/media/image214.png    OK
    testing: xl/media/image215.png    OK
    testing: xl/media/image216.png    OK
    testing: xl/media/image217.png    OK
    testing: xl/media/image218.png    OK
    testing: xl/media/image219.png    OK
    testing: xl/media/image220.png    OK
    testing: xl/media/image221.png    OK
    testing: xl/media/image222.png    OK
    testing: xl/media/image223.png    OK
    testing: xl/media/image224.png    OK
    testing: xl/media/image225.png    OK
    testing: xl/media/image226.png    OK
    testing: xl/media/image227.png    OK
    testing: xl/media/image228.png    OK
    testing: xl/media/image229.png    OK
    testing: xl/media/image230.png    OK
    testing: xl/media/image231.png    OK
    testing: xl/media/image232.png    OK
    testing: xl/media/image233.gif    OK
    testing: xl/media/image234.png    OK
    testing: xl/media/image235.png    OK
    testing: xl/media/image236.png    OK
    testing: xl/media/image237.png    OK
    testing: xl/media/image238.png    OK
    testing: xl/media/image239.png    OK
    testing: xl/media/image240.png    OK
    testing: xl/media/image241.png    OK
    testing: xl/media/image242.png    OK
    testing: xl/media/image243.png    OK
    testing: xl/media/image244.png    OK
    testing: xl/media/image245.png    OK
    testing: xl/media/image246.png    OK
    testing: xl/media/image247.gif    OK
    testing: xl/media/image248.gif    OK
    testing: xl/media/image249.png    OK
    testing: xl/media/image250.png    OK
    testing: xl/media/image251.gif    OK
    testing: xl/media/image252.gif    OK
    testing: xl/media/image253.png    OK
    testing: xl/media/image254.gif    OK
    testing: xl/media/image255.gif    OK
    testing: xl/media/image256.gif    OK
    testing: xl/media/image257.gif    OK
    testing: xl/media/image258.png    OK
    testing: xl/media/image259.gif    OK
    testing: xl/media/image260.gif    OK
    testing: xl/media/image261.png    OK
    testing: xl/media/image262.gif    OK
    testing: xl/media/image263.png    OK
    testing: xl/media/image264.gif    OK
    testing: xl/media/image265.gif    OK
    testing: xl/media/image266.png    OK
    testing: xl/media/image267.png    OK
    testing: xl/media/image268.png    OK
    testing: xl/media/image269.png    OK
    testing: xl/media/image270.png    OK
    testing: xl/media/image271.png    OK
    testing: xl/media/image272.png    OK
    testing: xl/media/image273.png    OK
    testing: xl/media/image274.gif    OK
    testing: xl/media/image275.gif    OK
    testing: xl/media/image276.png    OK
    testing: xl/media/image277.gif    OK
    testing: xl/media/image278.gif    OK
    testing: xl/media/image279.png    OK
    testing: xl/media/image280.png    OK
    testing: xl/media/image281.gif    OK
    testing: xl/media/image282.gif    OK
    testing: xl/media/image283.png    OK
    testing: xl/media/image284.png    OK
    testing: xl/media/image285.gif    OK
    testing: xl/media/image286.gif    OK
    testing: xl/media/image287.png    OK
    testing: xl/media/image288.gif    OK
    testing: xl/media/image289.png    OK
    testing: xl/media/image290.png    OK
    testing: xl/media/image291.png    OK
    testing: xl/media/image292.png    OK
    testing: xl/media/image293.gif    OK
    testing: xl/media/image294.gif    OK
    testing: xl/media/image295.gif    OK
    testing: xl/media/image296.gif    OK
    testing: xl/media/image297.png    OK
    testing: xl/media/image298.png    OK
    testing: xl/media/image299.png    OK
    testing: xl/media/image300.png    OK
    testing: xl/media/image301.png    OK
    testing: xl/media/image302.png    OK
    testing: xl/media/image303.gif    OK
    testing: xl/media/image304.gif    OK
    testing: xl/media/image305.png    OK
    testing: xl/media/image306.gif    OK
    testing: xl/media/image307.gif    OK
    testing: xl/media/image308.png    OK
    testing: xl/media/image309.png    OK
    testing: xl/media/image310.png    OK
    testing: xl/media/image311.png    OK
    testing: xl/media/image312.png    OK
    testing: xl/media/image313.png    OK
    testing: xl/media/image314.png    OK
    testing: xl/media/image315.png    OK
    testing: xl/media/image316.png    OK
    testing: xl/media/image317.png    OK
    testing: xl/media/image318.png    OK
    testing: xl/media/image319.png    OK
    testing: xl/media/image320.png    OK
    testing: xl/media/image321.png    OK
    testing: xl/media/image322.gif    OK
    testing: xl/media/image323.gif    OK
    testing: xl/media/image324.gif    OK
    testing: xl/media/image325.png    OK
    testing: xl/media/image326.png    OK
    testing: xl/media/image327.png    OK
    testing: xl/media/image328.gif    OK
    testing: xl/media/image329.png    OK
    testing: xl/media/image330.png    OK
    testing: xl/media/image331.png    OK
    testing: xl/media/image332.png    OK
    testing: xl/media/image333.png    OK
    testing: xl/media/image334.jpeg   OK
    testing: xl/media/image335.jpeg   OK
    testing: xl/media/image336.jpeg   OK
    testing: xl/media/image337.png    OK
    testing: xl/media/image338.png    OK
    testing: xl/media/image339.png    OK
    testing: xl/media/image340.png    OK
    testing: xl/media/image341.jpeg   OK
    testing: xl/media/image342.png    OK
    testing: xl/media/image343.png    OK
    testing: xl/media/image344.png    OK
    testing: xl/media/image345.png    OK
    testing: xl/media/image346.jpeg   OK
    testing: xl/media/image347.png    OK
    testing: xl/media/image348.png    OK
    testing: xl/media/image349.png    OK
    testing: xl/media/image350.png    OK
    testing: xl/media/image351.png    OK
    testing: xl/media/image352.jpeg   OK
    testing: xl/media/image353.png    OK
    testing: xl/media/image354.png    OK
    testing: xl/media/image355.png    OK
    testing: xl/media/image356.png    OK
    testing: xl/media/image357.gif    OK
    testing: xl/media/image358.gif    OK
    testing: xl/media/image359.png    OK
    testing: xl/media/image360.gif    OK
    testing: xl/media/image361.png    OK
    testing: xl/media/image362.png    OK
    testing: xl/media/image363.png    OK
    testing: xl/media/image364.png    OK
    testing: xl/media/image365.png    OK
    testing: xl/media/image366.png    OK
    testing: xl/media/image367.png    OK
    testing: xl/media/image368.png    OK
    testing: xl/media/image369.gif    OK
    testing: xl/media/image370.png    OK
    testing: xl/media/image371.gif    OK
    testing: xl/media/image372.png    OK
    testing: xl/media/image373.png    OK
    testing: xl/media/image374.png    OK
    testing: xl/media/image375.png    OK
    testing: xl/media/image376.png    OK
    testing: xl/media/image377.gif    OK
    testing: xl/media/image378.png    OK
    testing: xl/media/image379.png    OK
    testing: xl/media/image380.png    OK
    testing: xl/media/image381.png    OK
    testing: xl/media/image382.gif    OK
    testing: xl/media/image383.png    OK
    testing: xl/media/image384.png    OK
    testing: xl/media/image385.png    OK
    testing: xl/media/image386.png    OK
    testing: xl/media/image387.png    OK
    testing: xl/media/image388.gif    OK
    testing: xl/media/image389.png    OK
    testing: xl/media/image390.png    OK
    testing: xl/media/image391.png    OK
    testing: xl/media/image392.png    OK
    testing: xl/media/image393.png    OK
    testing: xl/media/image394.gif    OK
    testing: xl/media/image395.png    OK
    testing: xl/media/image396.png    OK
    testing: xl/media/image397.png    OK
    testing: xl/media/image398.png    OK
    testing: xl/media/image399.gif    OK
    testing: xl/media/image400.gif    OK
    testing: xl/media/image401.gif    OK
    testing: xl/media/image402.png    OK
    testing: xl/media/image403.gif    OK
    testing: xl/media/image404.gif    OK
    testing: xl/media/image405.gif    OK
    testing: xl/media/image406.png    OK
    testing: xl/media/image407.png    OK
    testing: xl/media/image408.png    OK
    testing: xl/media/image409.png    OK
    testing: xl/media/image410.png    OK
    testing: xl/media/image411.png    OK
    testing: xl/media/image412.png    OK
    testing: xl/media/image413.png    OK
    testing: xl/media/image414.png    OK
    testing: xl/media/image415.png    OK
    testing: xl/media/image416.png    OK
    testing: xl/media/image417.png    OK
    testing: xl/media/image418.gif    OK
    testing: xl/media/image419.png    OK
    testing: xl/media/image420.gif    OK
    testing: xl/media/image421.png    OK
    testing: xl/media/image422.png    OK
    testing: xl/worksheets/sheet1.xml   OK
    testing: xl/media/image424.png    OK
    testing: xl/media/image425.png    OK
    testing: xl/media/image426.png    OK
    testing: xl/media/image427.png    OK
    testing: xl/media/image428.gif    OK
    testing: xl/media/image429.png    OK
    testing: xl/media/image430.gif    OK
    testing: xl/media/image431.png    OK
    testing: xl/media/image432.png    OK
    testing: xl/media/image433.png    OK
    testing: xl/media/image434.png    OK
    testing: xl/media/image435.png    OK
    testing: xl/media/image436.png    OK
    testing: xl/media/image437.png    OK
    testing: xl/media/image438.png    OK
    testing: xl/media/image439.gif    OK
    testing: xl/media/image440.gif    OK
    testing: xl/media/image441.png    OK
    testing: xl/media/image442.png    OK
    testing: xl/media/image443.gif    OK
    testing: xl/media/image444.png    OK
    testing: xl/media/image445.gif    OK
    testing: xl/media/image446.png    OK
    testing: xl/media/image447.png    OK
    testing: xl/media/image448.png    OK
    testing: xl/media/image449.png    OK
    testing: xl/media/image450.gif    OK
    testing: xl/media/image451.png    OK
    testing: xl/media/image452.png    OK
    testing: xl/media/image453.png    OK
    testing: xl/media/image454.png    OK
    testing: xl/media/image455.png    OK
    testing: xl/media/image456.gif    OK
    testing: xl/media/image457.png    OK
    testing: xl/media/image458.png    OK
    testing: xl/media/image459.png    OK
    testing: xl/media/image460.png    OK
    testing: xl/media/image461.png    OK
    testing: xl/media/image462.gif    OK
    testing: xl/media/image463.gif    OK
    testing: xl/media/image464.gif    OK
    testing: xl/media/image465.gif    OK
    testing: xl/media/image466.png    OK
    testing: xl/media/image467.png    OK
    testing: xl/media/image468.gif    OK
    testing: xl/media/image469.gif    OK
    testing: xl/media/image470.png    OK
    testing: xl/media/image471.gif    OK
    testing: xl/media/image472.gif    OK
    testing: xl/media/image473.png    OK
    testing: xl/media/image474.png    OK
    testing: xl/media/image475.png    OK
    testing: xl/media/image476.png    OK
    testing: xl/media/image477.png    OK
    testing: xl/media/image478.png    OK
    testing: xl/media/image479.png    OK
    testing: xl/media/image480.png    OK
    testing: xl/media/image481.png    OK
    testing: xl/media/image482.png    OK
    testing: xl/media/image483.png    OK
    testing: xl/media/image484.png    OK
    testing: xl/media/image485.png    OK
    testing: xl/media/image486.png    OK
    testing: xl/media/image487.png    OK
    testing: xl/media/image488.png    OK
    testing: xl/media/image489.png    OK
    testing: xl/media/image490.png    OK
    testing: xl/media/image491.png    OK
    testing: xl/media/image492.png    OK
    testing: xl/media/image493.png    OK
    testing: xl/media/image494.png    OK
    testing: xl/media/image495.png    OK
    testing: xl/media/image423.png    OK
    testing: xl/media/image497.png    OK
    testing: xl/media/image498.png    OK
    testing: xl/media/image499.png    OK
    testing: xl/media/image500.png    OK
    testing: xl/media/image501.png    OK
    testing: xl/media/image502.png    OK
    testing: xl/media/image503.gif    OK
    testing: xl/media/image504.gif    OK
    testing: xl/media/image505.png    OK
    testing: xl/media/image506.png    OK
    testing: xl/media/image507.jpeg   OK
    testing: xl/media/image508.jpeg   OK
    testing: xl/media/image509.gif    OK
    testing: xl/media/image510.png    OK
    testing: xl/media/image511.gif    OK
    testing: xl/media/image512.png    OK
    testing: xl/media/image513.jpeg   OK
    testing: xl/media/image514.gif    OK
    testing: xl/media/image515.png    OK
    testing: xl/media/image516.png    OK
    testing: xl/media/image517.gif    OK
    testing: xl/media/image518.png    OK
    testing: xl/media/image519.gif    OK
    testing: xl/media/image520.gif    OK
    testing: xl/media/image521.png    OK
    testing: xl/media/image522.png    OK
    testing: xl/media/image523.png    OK
    testing: xl/media/image524.png    OK
    testing: xl/media/image525.png    OK
    testing: xl/media/image526.png    OK
    testing: xl/media/image527.png    OK
    testing: xl/media/image528.png    OK
    testing: xl/media/image529.gif    OK
    testing: xl/media/image530.png    OK
    testing: xl/media/image531.png    OK
    testing: xl/media/image532.gif    OK
    testing: xl/media/image533.png    OK
    testing: xl/drawings/drawing2.xml   OK
    testing: xl/drawings/vmlDrawing1.vml   OK
    testing: xl/drawings/drawing3.xml   OK
    testing: xl/media/image534.png    OK
    testing: xl/drawings/drawing4.xml   OK
    testing: xl/media/image535.png    OK
    testing: xl/media/image536.png    OK
    testing: xl/media/image537.png    OK
    testing: xl/drawings/drawing5.xml   OK
    testing: xl/drawings/drawing6.xml   OK
    testing: xl/media/image538.png    OK
    testing: xl/media/image539.png    OK
    testing: xl/media/image540.png    OK
    testing: xl/vbaProject.bin        OK
    testing: xl/worksheets/sheet2.xml   OK
    testing: xl/worksheets/sheet3.xml   OK
    testing: xl/worksheets/_rels/sheet1.xml.rels   OK
    testing: xl/worksheets/_rels/sheet2.xml.rels   OK
    testing: xl/worksheets/_rels/sheet3.xml.rels   OK
    testing: xl/worksheets/_rels/sheet4.xml.rels   OK
    testing: xl/worksheets/_rels/sheet5.xml.rels   OK
    testing: xl/worksheets/_rels/sheet8.xml.rels   OK
    testing: xl/worksheets/_rels/sheet9.xml.rels   OK
    testing: xl/worksheets/_rels/sheet10.xml.rels   OK
    testing: xl/drawings/_rels/drawing1.xml.rels   OK
    testing: xl/drawings/_rels/drawing3.xml.rels   OK
    testing: xl/drawings/_rels/drawing4.xml.rels   OK
    testing: xl/drawings/_rels/drawing6.xml.rels   OK
    testing: xl/media/image496.png    OK
    testing: xl/printerSettings/printerSettings1.bin   OK
    testing: xl/printerSettings/printerSettings2.bin   OK
    testing: xl/calcChain.xml         OK
    testing: xl/ctrlProps/ctrlProp1.xml   OK
    testing: docProps/core.xml        OK
    testing: docProps/app.xml         OK
    testing: xl/ctrlProps/ctrlProp2.xml   OK
No errors detected in compressed data of SACLA/2025_05.xlsm.
